------------------------------------------------------------
Timing Analyzer Summary
------------------------------------------------------------

Type  : Slow 1100mV 85C Model Setup 'subtrac'
Slack : -1.508
TNS   : -13.566

Type  : Slow 1100mV 85C Model Hold 'subtrac'
Slack : 0.388
TNS   : 0.000

Type  : Slow 1100mV 85C Model Minimum Pulse Width 'subtrac'
Slack : -0.394
TNS   : -3.615

Type  : Slow 1100mV 0C Model Setup 'subtrac'
Slack : -1.456
TNS   : -12.045

Type  : Slow 1100mV 0C Model Hold 'subtrac'
Slack : 0.246
TNS   : 0.000

Type  : Slow 1100mV 0C Model Minimum Pulse Width 'subtrac'
Slack : -0.394
TNS   : -3.914

Type  : Fast 1100mV 85C Model Setup 'subtrac'
Slack : -0.956
TNS   : -7.919

Type  : Fast 1100mV 85C Model Hold 'subtrac'
Slack : 0.511
TNS   : 0.000

Type  : Fast 1100mV 85C Model Minimum Pulse Width 'subtrac'
Slack : -0.089
TNS   : -0.837

Type  : Fast 1100mV 0C Model Setup 'subtrac'
Slack : -0.832
TNS   : -6.729

Type  : Fast 1100mV 0C Model Hold 'subtrac'
Slack : 0.482
TNS   : 0.000

Type  : Fast 1100mV 0C Model Minimum Pulse Width 'subtrac'
Slack : -0.087
TNS   : -0.809

------------------------------------------------------------
